MO instr_mem_dp NULL instr_mem_dp.v vlg61/instr__mem__dp.bin 1773037110
MO alu_64 NULL alu_64.v vlg6B/alu__64.bin 1773037110
MO sign_extend_GPU NULL sign_extend_GPU.v vlg1F/sign__extend___g_p_u.bin 1773037102
MO bfloat16_ex0_prep NULL bfloat_alu.v vlg55/bfloat16__ex0__prep.bin 1773037102
MO bfloat16_ex2_norm NULL bfloat_alu.v vlg38/bfloat16__ex2__norm.bin 1773037102
MO alu_control NULL alu_control_GPU.v vlg5E/alu__control.bin 1773037110
MO control_unit NULL control_unit.v vlg64/control__unit.bin 1773037110
MO alu_64_GPU NULL alu64_BFloat16.v vlg72/alu__64___g_p_u.bin 1773037102
MO GPU_CMT NULL GPU_SIMD.v vlg57/_g_p_u___c_m_t.bin 1773037102
MO bfloat16_ex1_align NULL bfloat_alu.v vlg4A/bfloat16__ex1__align.bin 1773037102
MO lzc_8bit NULL bfloat_alu.v vlg1F/lzc__8bit.bin 1773037102
MO bfloat16_simd64_ex1_align NULL bfloat_alu.v vlg2C/bfloat16__simd64__ex1__align.bin 1773037102
MO single_packet_fifo NULL single_packet_fifo.v vlg54/single__packet__fifo.bin 1773037117
MO control_unit_GPU NULL control_unit_GPU.v vlg5B/control__unit___g_p_u.bin 1773037102
MO sign_extend NULL sign_extend.v vlg68/sign__extend.bin 1773037110
MO bfloat16_simd64_ex0_prep NULL bfloat_alu.v vlg4F/bfloat16__simd64__ex0__prep.bin 1773037102
MO bfloat16_simd64_ex2_norm NULL bfloat_alu.v vlg32/bfloat16__simd64__ex2__norm.bin 1773037102
MO network_processor NULL network_processor.v vlg71/network__processor.bin 1773037091
MO convertible_FIFO NULL convertible_FIFO.v vlg64/convertible___f_i_f_o.bin 1773037117
MO instr_mem_dp_GPU NULL ./instr_mem_dp_GPU.v vlg08/instr__mem__dp___g_p_u.bin 1773037102
MO cpu_CMT NULL cpu_CMT.v vlg13/cpu___c_m_t.bin 1773037110
