MO instr_mem_dp NULL instr_mem_dp_GPU.v vlg61/instr__mem__dp.bin 1772913767
MO alu_64 NULL alu64_BFloat16.v vlg6B/alu__64.bin 1772913768
MO bfloat16_ex0_prep NULL bfloat_alu.v vlg55/bfloat16__ex0__prep.bin 1772913768
MO bfloat16_ex2_norm NULL bfloat_alu.v vlg38/bfloat16__ex2__norm.bin 1772913768
MO control_unit NULL control_unit_GPU.v vlg64/control__unit.bin 1772913768
MO GPU_CMT NULL GPU_SIMD.v vlg57/_g_p_u___c_m_t.bin 1772913768
MO bfloat16_ex1_align NULL bfloat_alu.v vlg4A/bfloat16__ex1__align.bin 1772913768
MO lzc_8bit NULL bfloat_alu.v vlg1F/lzc__8bit.bin 1772913768
MO bfloat16_simd64_ex1_align NULL bfloat_alu.v vlg2C/bfloat16__simd64__ex1__align.bin 1772913768
MO sign_extend NULL sign_extend_GPU.v vlg68/sign__extend.bin 1772913767
MO bfloat16_simd64_ex0_prep NULL bfloat_alu.v vlg4F/bfloat16__simd64__ex0__prep.bin 1772913768
MO bfloat16_simd64_ex2_norm NULL bfloat_alu.v vlg32/bfloat16__simd64__ex2__norm.bin 1772913768
MO data_mem_64_256 NULL data_mem_64_256.v vlg3D/data__mem__64__256.bin 1772913768
