Determining compilation order of HDL files
Analyzing Verilog file sign_extend_GPU.v
Analyzing Verilog file sign_extend.v
Analyzing Verilog file instr_mem_dp_GPU.v
Analyzing Verilog file instr_mem_dp.v
Analyzing Verilog file convertible_FIFO.v
Analyzing Verilog file control_unit_GPU.v
Analyzing Verilog file control_unit.v
Analyzing Verilog file bfloat_alu.v
Analyzing Verilog file alu_control_GPU.v
Analyzing Verilog file alu_64.v
Analyzing Verilog file alu64_BFloat16.v
Analyzing Verilog file single_packet_fifo.v
Analyzing Verilog file GPU_SIMD.v
Analyzing Verilog file cpu_CMT.v
Analyzing Verilog file network_processor.v
Analyzing Verilog file network_proc_full_tb.v
Analyzing Verilog file C:/Xilinx/10.1/ISE/verilog/src/glbl.v
Saving Verilog parse-tree work.sign_extend_GPU into c:/documents and
settings/student/desktop/processor_integration/gpu_cpu_fifo/isim/work/sign_exten
d_@g@p@u.sdb
Saving Verilog parse-tree work.sign_extend into c:/documents and
settings/student/desktop/processor_integration/gpu_cpu_fifo/isim/work/sign_exten
d.sdb
Saving Verilog parse-tree work.instr_mem_dp_GPU into c:/documents and
settings/student/desktop/processor_integration/gpu_cpu_fifo/isim/work/instr_mem_
dp_@g@p@u.sdb
Saving Verilog parse-tree work.instr_mem_dp into c:/documents and
settings/student/desktop/processor_integration/gpu_cpu_fifo/isim/work/instr_mem_
dp.sdb
Saving Verilog parse-tree work.convertible_FIFO into c:/documents and
settings/student/desktop/processor_integration/gpu_cpu_fifo/isim/work/convertibl
e_@f@i@f@o.sdb
Saving Verilog parse-tree work.control_unit_GPU into c:/documents and
settings/student/desktop/processor_integration/gpu_cpu_fifo/isim/work/control_un
it_@g@p@u.sdb
Saving Verilog parse-tree work.control_unit into c:/documents and
settings/student/desktop/processor_integration/gpu_cpu_fifo/isim/work/control_un
it.sdb
Saving Verilog parse-tree work.lzc_8bit into c:/documents and
settings/student/desktop/processor_integration/gpu_cpu_fifo/isim/work/lzc_8bit.s
db
Saving Verilog parse-tree work.bfloat16_ex0_prep into c:/documents and
settings/student/desktop/processor_integration/gpu_cpu_fifo/isim/work/bfloat16_e
x0_prep.sdb
Saving Verilog parse-tree work.bfloat16_simd64_ex0_prep into c:/documents and
settings/student/desktop/processor_integration/gpu_cpu_fifo/isim/work/bfloat16_s
imd64_ex0_prep.sdb
Saving Verilog parse-tree work.bfloat16_ex1_align into c:/documents and
settings/student/desktop/processor_integration/gpu_cpu_fifo/isim/work/bfloat16_e
x1_align.sdb
Saving Verilog parse-tree work.bfloat16_simd64_ex1_align into c:/documents and
settings/student/desktop/processor_integration/gpu_cpu_fifo/isim/work/bfloat16_s
imd64_ex1_align.sdb
Saving Verilog parse-tree work.bfloat16_ex2_norm into c:/documents and
settings/student/desktop/processor_integration/gpu_cpu_fifo/isim/work/bfloat16_e
x2_norm.sdb
Saving Verilog parse-tree work.bfloat16_simd64_ex2_norm into c:/documents and
settings/student/desktop/processor_integration/gpu_cpu_fifo/isim/work/bfloat16_s
imd64_ex2_norm.sdb
Saving Verilog parse-tree work.alu_control into c:/documents and
settings/student/desktop/processor_integration/gpu_cpu_fifo/isim/work/alu_contro
l.sdb
Saving Verilog parse-tree work.alu_64 into c:/documents and
settings/student/desktop/processor_integration/gpu_cpu_fifo/isim/work/alu_64.sdb
Saving Verilog parse-tree work.alu_64_GPU into c:/documents and
settings/student/desktop/processor_integration/gpu_cpu_fifo/isim/work/alu_64_@g@
p@u.sdb
Saving Verilog parse-tree work.single_packet_fifo into c:/documents and
settings/student/desktop/processor_integration/gpu_cpu_fifo/isim/work/single_pac
ket_fifo.sdb
Saving Verilog parse-tree work.GPU_CMT into c:/documents and
settings/student/desktop/processor_integration/gpu_cpu_fifo/isim/work/@g@p@u_@c@
m@t.sdb
Saving Verilog parse-tree work.cpu_CMT into c:/documents and
settings/student/desktop/processor_integration/gpu_cpu_fifo/isim/work/cpu_@c@m@t
.sdb
Saving Verilog parse-tree work.network_processor into c:/documents and
settings/student/desktop/processor_integration/gpu_cpu_fifo/isim/work/network_pr
ocessor.sdb
Saving Verilog parse-tree work.network_proc_full_tb into c:/documents and
settings/student/desktop/processor_integration/gpu_cpu_fifo/isim/work/network_pr
oc_full_tb.sdb
Saving Verilog parse-tree work.glbl into c:/documents and
settings/student/desktop/processor_integration/gpu_cpu_fifo/isim/work/glbl.sdb
Starting static elaboration
Restoring Verilog parse-tree xilinxcorelib_ver.BLKMEMDP_V6_3 from
c:/xilinx/10.1/ise/verilog/hdp/nt/xilinxcorelib_ver/xilinxcorelib_ver.sdbl
Completed static elaboration
Fuse Memory Usage: 55176 Kb
Fuse CPU Usage: 937 ms
Compiling module glbl
Compiling module BLKMEMDP_V6_3(c_addra_width=8,c_...
Compiling module convertible_FIFO
Compiling module single_packet_fifo(DATA_WIDTH=64...
Compiling module BLKMEMDP_V6_3(c_addra_width=9,c_...
Compiling module instr_mem_dp_GPU
Compiling module control_unit_GPU
Compiling module sign_extend_GPU
Compiling module alu_64_GPU
Compiling module bfloat16_ex0_prep
Compiling module bfloat16_simd64_ex0_prep
Compiling module bfloat16_ex1_align
Compiling module bfloat16_simd64_ex1_align
Compiling module lzc_8bit
Compiling module bfloat16_ex2_norm
Compiling module bfloat16_simd64_ex2_norm
Compiling module GPU_CMT
Compiling module BLKMEMDP_V6_3(c_addra_width=11,c...
Compiling module instr_mem_dp
Compiling module control_unit
Compiling module alu_control
Compiling module sign_extend
Compiling module alu_64
Compiling module cpu_CMT
Compiling module network_processor(DATA_WIDTH=64,...
Compiling module network_proc_full_tb
Compiled 26 Verilog Units
Built simulation executable network_proc_full_tb_isim_beh.exe
Fuse Memory Usage: 59788 Kb
Fuse CPU Usage: 1968 ms
