Command line:
   ./network_processor_full_tb_isim_beh.exe
     -intstyle  ise
     -ipchost  localhost
     -ipcport  1130

Sat Mar 07 02:56:16 2026

Total Line Count : 1346

 Elaboration Time: 0.171875 sec

 Current Memory Usage: 143.737 Meg

 Total Signals          : 252
 Total Nets             : 1830
 Total Signal Drivers   : 143
 Total Blocks           : 27
 Total Primitive Blocks : 9
 Total Processes        : 243
 Total Traceable Variables  : 477
 Total Scalar Nets and Variables : 208106
ntrace select -o on -n /network_processor_full_tb/out_data 
ntrace select -o on -n /network_processor_full_tb/out_ctrl 
ntrace select -o on -n /network_processor_full_tb/out_wr 
ntrace select -o on -n /network_processor_full_tb/in_rdy 
ntrace select -o on -n /network_processor_full_tb/DATA_WIDTH 
ntrace select -o on -n /network_processor_full_tb/CTRL_WIDTH 
ntrace select -o on -n /network_processor_full_tb/FIFO_DEPTH_WORDS 
ntrace select -o on -n /network_processor_full_tb/CLK_PERIOD 
ntrace select -o on -n /network_processor_full_tb/clk 
ntrace select -o on -n /network_processor_full_tb/reset 
ntrace select -o on -n /network_processor_full_tb/memory_port_master 
ntrace select -o on -n /network_processor_full_tb/out_rdy 
ntrace select -o on -n /network_processor_full_tb/in_data 
ntrace select -o on -n /network_processor_full_tb/in_ctrl 
ntrace select -o on -n /network_processor_full_tb/in_wr 
ntrace select -o on -n /network_processor_full_tb/sent_packet_data 
ntrace select -o on -n /network_processor_full_tb/sent_packet_ctrl 
ntrace select -o on -n /network_processor_full_tb/sent_word_count 
ntrace select -o on -n /network_processor_full_tb/received_word_count 
ntrace select -o on -n /network_processor_full_tb/errors 
ntrace select -o on -n /network_processor_full_tb/last_cpu_addr 
ntrace select -o on -n /network_processor_full_tb/uut/cpu_instance/reg_file 
ntrace select -o on -n /network_processor_full_tb/cpu_activity_detected 
ntrace start 
isimrun 1000 ns 
Simulator is doing circuit initialization process.
Finished circuit initialization process.
WARNING:Simulator:29 - at 100.000 ns: Warning: Timing violation in
   /network_processor_full_tb/uut/fifo_instance/ram_inst/inst/  $recovery(
   CLKB:100.000 ns, CLKA:100.000 ns,1.000 ns)

WARNING:Simulator:29 - at 100.000 ns: Warning: Timing violation in
   /network_processor_full_tb/uut/fifo_instance/ram_inst/inst/  $recovery(
   CLKA:100.000 ns, CLKB:100.000 ns,1.000 ns)

WARNING:Simulator:29 - at 200.000 ns: Warning: Timing violation in
   /network_processor_full_tb/uut/fifo_instance/ram_inst/inst/  $recovery(
   CLKB:200.000 ns, CLKA:200.000 ns,1.000 ns)

WARNING:Simulator:29 - at 200.000 ns: Warning: Timing violation in
   /network_processor_full_tb/uut/fifo_instance/ram_inst/inst/  $recovery(
   CLKA:200.000 ns, CLKB:200.000 ns,1.000 ns)

WARNING:Simulator:29 - at 300.000 ns: Warning: Timing violation in
   /network_processor_full_tb/uut/fifo_instance/ram_inst/inst/  $recovery(
   CLKB:300.000 ns, CLKA:300.000 ns,1.000 ns)

WARNING:Simulator:29 - at 300.000 ns: Warning: Timing violation in
   /network_processor_full_tb/uut/fifo_instance/ram_inst/inst/  $recovery(
   CLKA:300.000 ns, CLKB:300.000 ns,1.000 ns)

WARNING:Simulator:29 - at 400.000 ns: Warning: Timing violation in
   /network_processor_full_tb/uut/fifo_instance/ram_inst/inst/  $recovery(
   CLKB:400.000 ns, CLKA:400.000 ns,1.000 ns)

WARNING:Simulator:29 - at 400.000 ns: Warning: Timing violation in
   /network_processor_full_tb/uut/fifo_instance/ram_inst/inst/  $recovery(
   CLKA:400.000 ns, CLKB:400.000 ns,1.000 ns)

WARNING:Simulator:29 - at 500.000 ns: Warning: Timing violation in
   /network_processor_full_tb/uut/fifo_instance/ram_inst/inst/  $recovery(
   CLKB:500.000 ns, CLKA:500.000 ns,1.000 ns)

WARNING:Simulator:29 - at 500.000 ns: Warning: Timing violation in
   /network_processor_full_tb/uut/fifo_instance/ram_inst/inst/  $recovery(
   CLKA:500.000 ns, CLKB:500.000 ns,1.000 ns)

WARNING:Simulator:29 - at 600.000 ns: Warning: Timing violation in
   /network_processor_full_tb/uut/fifo_instance/ram_inst/inst/  $recovery(
   CLKB:600.000 ns, CLKA:600.000 ns,1.000 ns)

WARNING:Simulator:29 - at 600.000 ns: Warning: Timing violation in
   /network_processor_full_tb/uut/fifo_instance/ram_inst/inst/  $recovery(
   CLKA:600.000 ns, CLKB:600.000 ns,1.000 ns)

WARNING:Simulator:29 - at 700.000 ns: Warning: Timing violation in
   /network_processor_full_tb/uut/fifo_instance/ram_inst/inst/  $recovery(
   CLKB:700.000 ns, CLKA:700.000 ns,1.000 ns)

WARNING:Simulator:29 - at 700.000 ns: Warning: Timing violation in
   /network_processor_full_tb/uut/fifo_instance/ram_inst/inst/  $recovery(
   CLKA:700.000 ns, CLKB:700.000 ns,1.000 ns)

WARNING:Simulator:29 - at 800.000 ns: Warning: Timing violation in
   /network_processor_full_tb/uut/fifo_instance/ram_inst/inst/  $recovery(
   CLKB:800.000 ns, CLKA:800.000 ns,1.000 ns)

WARNING:Simulator:29 - at 800.000 ns: Warning: Timing violation in
   /network_processor_full_tb/uut/fifo_instance/ram_inst/inst/  $recovery(
   CLKA:800.000 ns, CLKB:800.000 ns,1.000 ns)

WARNING:Simulator:29 - at 900.000 ns: Warning: Timing violation in
   /network_processor_full_tb/uut/fifo_instance/ram_inst/inst/  $recovery(
   CLKB:900.000 ns, CLKA:900.000 ns,1.000 ns)

WARNING:Simulator:29 - at 900.000 ns: Warning: Timing violation in
   /network_processor_full_tb/uut/fifo_instance/ram_inst/inst/  $recovery(
   CLKA:900.000 ns, CLKB:900.000 ns,1.000 ns)

WARNING:Simulator:29 - at 1.000 us: Warning: Timing violation in
   /network_processor_full_tb/uut/fifo_instance/ram_inst/inst/  $recovery(
   CLKB:1.000 us, CLKA:1.000 us,1.000 ns)

WARNING:Simulator:29 - at 1.000 us: Warning: Timing violation in
   /network_processor_full_tb/uut/fifo_instance/ram_inst/inst/  $recovery(
   CLKA:1.000 us, CLKB:1.000 us,1.000 ns)

